// Vitest Snapshot v1, https://vitest.dev/guide/snapshot.html

exports[`Frontmatter formatting > matchs snapshot 1`] = `
"---
id: 20251202T202915
aliases:
  - "Getting Things Done: Simple Guide to Become More Productive, Stress-free, Get More Done in Less Time, and Be Highly Effective Today"
tags:
  - zk/ln
createdAt: "[[2025-12-02]]"
updatedAt: 2025-12-02, 20:51:26
---
"
`;
